../Drivers/STM32F1xx_HAL_Driver/Inc/stm32f1xx_ll_spi.h:289:22:LL_SPI_Enable	16	static
../Drivers/STM32F1xx_HAL_Driver/Inc/stm32f1xx_ll_spi.h:696:26:LL_SPI_IsActiveFlag_RXNE	16	static
../Drivers/STM32F1xx_HAL_Driver/Inc/stm32f1xx_ll_spi.h:707:26:LL_SPI_IsActiveFlag_TXE	16	static
../Drivers/STM32F1xx_HAL_Driver/Inc/stm32f1xx_ll_spi.h:1030:25:LL_SPI_ReceiveData8	16	static
../Drivers/STM32F1xx_HAL_Driver/Inc/stm32f1xx_ll_spi.h:1053:22:LL_SPI_TransmitData8	24	static
../Drivers/STM32F1xx_HAL_Driver/Inc/stm32f1xx_ll_gpio.h:722:26:LL_GPIO_IsInputPinSet	16	static
../Drivers/STM32F1xx_HAL_Driver/Inc/stm32f1xx_ll_gpio.h:803:22:LL_GPIO_SetOutputPin	16	static
../Drivers/STM32F1xx_HAL_Driver/Inc/stm32f1xx_ll_gpio.h:832:22:LL_GPIO_ResetOutputPin	16	static
../Core/Src/BNO080.c:79:5:BNO080_Initialization	16	static
../Core/Src/BNO080.c:135:15:SPI2_SendByte	16	static
../Core/Src/BNO080.c:151:5:BNO080_dataAvailable	8	static
../Core/Src/BNO080.c:194:6:BNO080_parseCommandReport	16	static
../Core/Src/BNO080.c:230:6:BNO080_parseInputReport	32	static
../Core/Src/BNO080.c:346:7:BNO080_getQuatI	8	static
../Core/Src/BNO080.c:352:7:BNO080_getQuatJ	8	static
../Core/Src/BNO080.c:358:7:BNO080_getQuatK	8	static
../Core/Src/BNO080.c:364:7:BNO080_getQuatReal	8	static
../Core/Src/BNO080.c:370:7:BNO080_getQuatRadianAccuracy	8	static
../Core/Src/BNO080.c:376:9:BNO080_getQuatAccuracy	4	static
../Core/Src/BNO080.c:382:7:BNO080_getAccelX	8	static
../Core/Src/BNO080.c:388:7:BNO080_getAccelY	8	static
../Core/Src/BNO080.c:394:7:BNO080_getAccelZ	8	static
../Core/Src/BNO080.c:400:9:BNO080_getAccelAccuracy	4	static
../Core/Src/BNO080.c:408:7:BNO080_getLinAccelX	8	static
../Core/Src/BNO080.c:414:7:BNO080_getLinAccelY	8	static
../Core/Src/BNO080.c:420:7:BNO080_getLinAccelZ	8	static
../Core/Src/BNO080.c:426:9:BNO080_getLinAccelAccuracy	4	static
../Core/Src/BNO080.c:432:7:BNO080_getGyroX	8	static
../Core/Src/BNO080.c:438:7:BNO080_getGyroY	8	static
../Core/Src/BNO080.c:444:7:BNO080_getGyroZ	8	static
../Core/Src/BNO080.c:450:9:BNO080_getGyroAccuracy	4	static
../Core/Src/BNO080.c:456:7:BNO080_getMagX	8	static
../Core/Src/BNO080.c:462:7:BNO080_getMagY	8	static
../Core/Src/BNO080.c:468:7:BNO080_getMagZ	8	static
../Core/Src/BNO080.c:474:9:BNO080_getMagAccuracy	4	static
../Core/Src/BNO080.c:480:10:BNO080_getStepCount	4	static
../Core/Src/BNO080.c:486:9:BNO080_getStabilityClassifier	4	static
../Core/Src/BNO080.c:492:9:BNO080_getActivityClassifier	4	static
../Core/Src/BNO080.c:498:10:BNO080_getTimeStamp	4	static
../Core/Src/BNO080.c:505:9:BNO080_getQ1	16	static
../Core/Src/BNO080.c:513:9:BNO080_getQ2	16	static
../Core/Src/BNO080.c:521:9:BNO080_getQ3	16	static
../Core/Src/BNO080.c:528:7:BNO080_getResolution	24	static
../Core/Src/BNO080.c:541:7:BNO080_getRange	24	static
../Core/Src/BNO080.c:556:10:BNO080_readFRSword	16	static
../Core/Src/BNO080.c:566:6:BNO080_frsReadRequest	16	static
../Core/Src/BNO080.c:584:5:BNO080_readFRSdata	32	static
../Core/Src/BNO080.c:645:6:BNO080_softReset	8	static
../Core/Src/BNO080.c:661:9:BNO080_resetReason	8	static
../Core/Src/BNO080.c:683:7:BNO080_qToFloat	24	static
../Core/Src/BNO080.c:689:6:BNO080_enableRotationVector	16	static
../Core/Src/BNO080.c:695:6:BNO080_enableGameRotationVector	16	static
../Core/Src/BNO080.c:701:6:BNO080_enableAccelerometer	16	static
../Core/Src/BNO080.c:707:6:BNO080_enableLinearAccelerometer	16	static
../Core/Src/BNO080.c:713:6:BNO080_enableGyro	16	static
../Core/Src/BNO080.c:719:6:BNO080_enableMagnetometer	16	static
../Core/Src/BNO080.c:725:6:BNO080_enableStepCounter	16	static
../Core/Src/BNO080.c:731:6:BNO080_enableStabilityClassifier	16	static
../Core/Src/BNO080.c:737:6:BNO080_calibrateAccelerometer	8	static
../Core/Src/BNO080.c:743:6:BNO080_calibrateGyro	8	static
../Core/Src/BNO080.c:749:6:BNO080_calibrateMagnetometer	8	static
../Core/Src/BNO080.c:755:6:BNO080_calibratePlanarAccelerometer	8	static
../Core/Src/BNO080.c:761:6:BNO080_calibrateAll	8	static
../Core/Src/BNO080.c:766:6:BNO080_endCalibration	8	static
../Core/Src/BNO080.c:773:5:BNO080_calibrationComplete	4	static
../Core/Src/BNO080.c:782:6:BNO080_setFeatureCommand	24	static
../Core/Src/BNO080.c:809:6:BNO080_sendCommand	16	static
../Core/Src/BNO080.c:832:6:BNO080_sendCalibrateCommand	24	static
../Core/Src/BNO080.c:873:6:BNO080_requestCalibrationStatus	16	static
../Core/Src/BNO080.c:896:6:BNO080_saveCalibration	16	static
../Core/Src/BNO080.c:918:5:BNO080_waitForSPI	16	static
../Core/Src/BNO080.c:936:5:BNO080_receivePacket	24	static
../Core/Src/BNO080.c:993:5:BNO080_sendPacket	24	static
