../Drivers/STM32F1xx_HAL_Driver/Inc/stm32f1xx_ll_gpio.h:832:22:LL_GPIO_ResetOutputPin	16	static
../Drivers/STM32F1xx_HAL_Driver/Inc/stm32f1xx_ll_bus.h:761:22:LL_APB2_GRP1_EnableClock	24	static
../Core/Src/main.c:69:5:main	40	static
../Core/Src/main.c:128:6:SystemClock_Config	72	static
../Core/Src/main.c:168:13:MX_SPI1_Init	72	static
../Core/Src/main.c:224:13:MX_USART2_UART_Init	8	static
../Core/Src/main.c:257:13:MX_GPIO_Init	32	static
../Core/Src/main.c:289:1:__io_putchar	16	static
../Core/Src/main.c:303:6:Error_Handler	4	static,ignoring_inline_asm
