23:47:17 **** Incremental Build of configuration Debug for project NEO_8M ****
make -j8 all 
arm-none-eabi-gcc "../Core/Src/main.c" -mcpu=cortex-m3 -std=gnu11 -g3 -DDEBUG -DUSE_HAL_DRIVER -DSTM32F103xB -DUSE_FULL_LL_DRIVER -c -I../Core/Inc -I../Drivers/STM32F1xx_HAL_Driver/Inc/Legacy -I../Drivers/STM32F1xx_HAL_Driver/Inc -I../Drivers/CMSIS/Device/ST/STM32F1xx/Include -I../Drivers/CMSIS/Include -O0 -ffunction-sections -fdata-sections -Wall -fcommon -fstack-usage -fcyclomatic-complexity -MMD -MP -MF"Core/Src/main.d" -MT"Core/Src/main.o" --specs=nano.specs -mfloat-abi=soft -mthumb -o "Core/Src/main.o"
../Core/Src/main.c: In function 'main':
../Core/Src/main.c:116:27: warning: implicit declaration of function 'printf' [-Wimplicit-function-declaration]
  116 |                           printf("LAT: %ld\tLON: %ld\tHeight: %ld\n", posllh.lat, posllh.lon);
      |                           ^~~~~~
../Core/Src/main.c:25:1: note: include '<stdio.h>' or provide a declaration of 'printf'
   24 | #include "M8N.h"
  +++ |+#include <stdio.h>
   25 | /* USER CODE END Includes */
../Core/Src/main.c:116:27: warning: incompatible implicit declaration of built-in function 'printf' [-Wbuiltin-declaration-mismatch]
  116 |                           printf("LAT: %ld\tLON: %ld\tHeight: %ld\n", posllh.lat, posllh.lon);
      |                           ^~~~~~
../Core/Src/main.c:116:27: note: include '<stdio.h>' or provide a declaration of 'printf'
../Core/Src/main.c:116:42: warning: format '%ld' expects argument of type 'long int', but argument 2 has type 'int' [-Wformat=]
  116 |                           printf("LAT: %ld\tLON: %ld\tHeight: %ld\n", posllh.lat, posllh.lon);
      |                                        ~~^                            ~~~~~~~~~~
      |                                          |                                  |
      |                                          long int                           int
      |                                        %d
../Core/Src/main.c:116:52: warning: format '%ld' expects argument of type 'long int', but argument 3 has type 'int' [-Wformat=]
  116 |                           printf("LAT: %ld\tLON: %ld\tHeight: %ld\n", posllh.lat, posllh.lon);
      |                                                  ~~^                              ~~~~~~~~~~
      |                                                    |                                    |
      |                                                    long int                             int
      |                                                  %d
../Core/Src/main.c:116:65: warning: format '%ld' expects a matching 'long int' argument [-Wformat=]
  116 |                           printf("LAT: %ld\tLON: %ld\tHeight: %ld\n", posllh.lat, posllh.lon);
      |                                                               ~~^
      |                                                                 |
      |                                                                 long int
arm-none-eabi-gcc -o "NEO_8M.elf" @"objects.list"   -mcpu=cortex-m3 -T"D:\RITA\Codigos\Tests\V2\ST\NEO_8M\STM32F103C8TX_FLASH.ld" --specs=nosys.specs -Wl,-Map="NEO_8M.map" -Wl,--gc-sections -static --specs=nano.specs -mfloat-abi=soft -mthumb -Wl,--start-group -lc -lm -Wl,--end-group
Finished building target: NEO_8M.elf
 
arm-none-eabi-size   NEO_8M.elf 
arm-none-eabi-objdump -h -S  NEO_8M.elf  > "NEO_8M.list"
   text	   data	    bss	    dec	    hex	filename
  13052	    112	   2064	  15228	   3b7c	NEO_8M.elf
Finished building: default.size.stdout
 
Finished building: NEO_8M.list
 
23:54:27 **** Incremental Build of configuration Debug for project NEO_8M ****
make -j8 all 
arm-none-eabi-size   NEO_8M.elf 
   text	   data	    bss	    dec	    hex	filename
  13052	    112	   2064	  15228	   3b7c	NEO_8M.elf
Finished building: default.size.stdout
 
